Brd4  median=  1090 p99=   3487 p99.9=    4900 max=   44882 | log-hist trough~  37701
        T>=  1000: 13377406 foci (55.36%)
        T>=  1500: 7057329 foci (29.20%)
        T>=  2000: 3145496 foci (13.02%)
        T>=  3000: 579196 foci ( 2.40%)
        T>=  5000:  20834 foci ( 0.09%)
        T>=  8000:    709 foci ( 0.00%)
        T>= 12000:    129 foci ( 0.00%)
        T>= 20000:     21 foci ( 0.00%)

Sc35  median=  1513 p99=   4386 p99.9=    7221 max=   65413 | log-hist trough~  19220
        T>=  1000: 814733 foci (81.44%)
        T>=  1500: 507701 foci (50.75%)
        T>=  2000: 261648 foci (26.15%)
        T>=  3000:  65344 foci ( 6.53%)
        T>=  5000:   4893 foci ( 0.49%)
        T>=  8000:    733 foci ( 0.07%)
        T>= 12000:    278 foci ( 0.03%)
        T>= 20000:    115 foci ( 0.01%)

DAPI  median=   217 p99=    409 p99.9=     491 max=   33213 | log-hist trough~   2128
        T>=  1000:     17 foci ( 0.00%)
        T>=  1500:     10 foci ( 0.00%)
        T>=  2000:      6 foci ( 0.00%)
        T>=  3000:      5 foci ( 0.00%)
        T>=  5000:      3 foci ( 0.00%)
        T>=  8000:      1 foci ( 0.00%)
        T>= 12000:      1 foci ( 0.00%)
        T>= 20000:      1 foci ( 0.00%)

Pol2  median=   302 p99=   1072 p99.9=   22904 max=   65435 | log-hist trough~   2611
        T>=  1000:   2782 foci ( 1.05%)
        T>=  1500:   2298 foci ( 0.87%)
        T>=  2000:   2080 foci ( 0.78%)
        T>=  3000:   1792 foci ( 0.68%)
        T>=  5000:   1314 foci ( 0.50%)
        T>=  8000:    890 foci ( 0.34%)
        T>= 12000:    614 foci ( 0.23%)
        T>= 20000:    318 foci ( 0.12%)

