n_foci_parquet=184
[  0/184] reading fov_000_foci.parquet ...
   +123536 rows (cum 123536) elapsed 2s
[  1/184] reading fov_001_foci.parquet ...
   +122527 rows (cum 246063) elapsed 3s
[  2/184] reading fov_002_foci.parquet ...
   +154338 rows (cum 400401) elapsed 4s
[  3/184] reading fov_003_foci.parquet ...
   +144923 rows (cum 545324) elapsed 5s
[  4/184] reading fov_004_foci.parquet ...
   +120768 rows (cum 666092) elapsed 6s
[  5/184] reading fov_005_foci.parquet ...
   +156104 rows (cum 822196) elapsed 7s
[  6/184] reading fov_006_foci.parquet ...
   +116627 rows (cum 938823) elapsed 8s
[  7/184] reading fov_007_foci.parquet ...
   +125506 rows (cum 1064329) elapsed 9s
[  8/184] reading fov_008_foci.parquet ...
   +168507 rows (cum 1232836) elapsed 11s
[  9/184] reading fov_009_foci.parquet ...
   +144612 rows (cum 1377448) elapsed 12s
[ 10/184] reading fov_010_foci.parquet ...
   +153147 rows (cum 1530595) elapsed 13s
[ 11/184] reading fov_011_foci.parquet ...
   +156217 rows (cum 1686812) elapsed 14s
[ 12/184] reading fov_012_foci.parquet ...
   +188221 rows (cum 1875033) elapsed 16s
[ 13/184] reading fov_013_foci.parquet ...
   +161887 rows (cum 2036920) elapsed 17s
[ 14/184] reading fov_014_foci.parquet ...
   +152633 rows (cum 2189553) elapsed 18s
[ 15/184] reading fov_015_foci.parquet ...
   +127505 rows (cum 2317058) elapsed 19s
[ 16/184] reading fov_016_foci.parquet ...
   +168824 rows (cum 2485882) elapsed 21s
[ 17/184] reading fov_017_foci.parquet ...
   +143461 rows (cum 2629343) elapsed 22s
[ 18/184] reading fov_018_foci.parquet ...
   +139571 rows (cum 2768914) elapsed 23s
[ 19/184] reading fov_019_foci.parquet ...
   +193598 rows (cum 2962512) elapsed 24s
[ 20/184] reading fov_020_foci.parquet ...
   +188884 rows (cum 3151396) elapsed 26s
[ 21/184] reading fov_021_foci.parquet ...
   +118065 rows (cum 3269461) elapsed 26s
[ 22/184] reading fov_022_foci.parquet ...
   +173278 rows (cum 3442739) elapsed 28s
[ 23/184] reading fov_023_foci.parquet ...
   +135987 rows (cum 3578726) elapsed 29s
[ 24/184] reading fov_024_foci.parquet ...
   +123521 rows (cum 3702247) elapsed 30s
[ 25/184] reading fov_025_foci.parquet ...
   +196771 rows (cum 3899018) elapsed 31s
[ 26/184] reading fov_026_foci.parquet ...
   +210465 rows (cum 4109483) elapsed 33s
[ 27/184] reading fov_027_foci.parquet ...
   +129156 rows (cum 4238639) elapsed 34s
[ 28/184] reading fov_028_foci.parquet ...
   +100048 rows (cum 4338687) elapsed 35s
[ 29/184] reading fov_029_foci.parquet ...
   +120930 rows (cum 4459617) elapsed 35s
[ 30/184] reading fov_030_foci.parquet ...
   +97911 rows (cum 4557528) elapsed 36s
[ 31/184] reading fov_031_foci.parquet ...
   +117605 rows (cum 4675133) elapsed 37s
[ 32/184] reading fov_032_foci.parquet ...
   +141027 rows (cum 4816160) elapsed 38s
[ 33/184] reading fov_033_foci.parquet ...
   +130908 rows (cum 4947068) elapsed 39s
[ 34/184] reading fov_034_foci.parquet ...
   +133653 rows (cum 5080721) elapsed 40s
[ 35/184] reading fov_035_foci.parquet ...
   +142357 rows (cum 5223078) elapsed 41s
[ 36/184] reading fov_036_foci.parquet ...
   +171948 rows (cum 5395026) elapsed 42s
[ 37/184] reading fov_037_foci.parquet ...
   +182773 rows (cum 5577799) elapsed 44s
[ 38/184] reading fov_038_foci.parquet ...
   +152085 rows (cum 5729884) elapsed 45s
[ 39/184] reading fov_039_foci.parquet ...
   +162811 rows (cum 5892695) elapsed 46s
[ 40/184] reading fov_040_foci.parquet ...
   +109080 rows (cum 6001775) elapsed 47s
[ 41/184] reading fov_041_foci.parquet ...
   +136350 rows (cum 6138125) elapsed 48s
[ 42/184] reading fov_044_foci.parquet ...
   +65238 rows (cum 6203363) elapsed 49s
[ 43/184] reading fov_045_foci.parquet ...
   +91698 rows (cum 6295061) elapsed 49s
[ 44/184] reading fov_046_foci.parquet ...
   +113114 rows (cum 6408175) elapsed 50s
[ 45/184] reading fov_047_foci.parquet ...
   +105335 rows (cum 6513510) elapsed 51s
[ 46/184] reading fov_048_foci.parquet ...
   +133548 rows (cum 6647058) elapsed 52s
[ 47/184] reading fov_049_foci.parquet ...
   +192532 rows (cum 6839590) elapsed 53s
[ 48/184] reading fov_050_foci.parquet ...
   +204170 rows (cum 7043760) elapsed 55s
[ 49/184] reading fov_051_foci.parquet ...
   +115015 rows (cum 7158775) elapsed 56s
[ 50/184] reading fov_052_foci.parquet ...
   +113817 rows (cum 7272592) elapsed 57s
[ 51/184] reading fov_053_foci.parquet ...
   +103438 rows (cum 7376030) elapsed 58s
[ 52/184] reading fov_054_foci.parquet ...
   +109226 rows (cum 7485256) elapsed 58s
[ 53/184] reading fov_055_foci.parquet ...
   +162566 rows (cum 7647822) elapsed 60s
[ 54/184] reading fov_056_foci.parquet ...
   +154858 rows (cum 7802680) elapsed 61s
[ 55/184] reading fov_057_foci.parquet ...
   +115544 rows (cum 7918224) elapsed 62s
[ 56/184] reading fov_058_foci.parquet ...
   +112933 rows (cum 8031157) elapsed 63s
[ 57/184] reading fov_059_foci.parquet ...
   +141292 rows (cum 8172449) elapsed 64s
[ 58/184] reading fov_060_foci.parquet ...
   +170658 rows (cum 8343107) elapsed 65s
[ 59/184] reading fov_061_foci.parquet ...
   +191271 rows (cum 8534378) elapsed 67s
[ 60/184] reading fov_062_foci.parquet ...
   +139101 rows (cum 8673479) elapsed 68s
[ 61/184] reading fov_063_foci.parquet ...
   +112593 rows (cum 8786072) elapsed 69s
[ 62/184] reading fov_066_foci.parquet ...
   +171490 rows (cum 8957562) elapsed 70s
[ 63/184] reading fov_067_foci.parquet ...
   +125750 rows (cum 9083312) elapsed 71s
[ 64/184] reading fov_068_foci.parquet ...
   +198990 rows (cum 9282302) elapsed 73s
[ 65/184] reading fov_069_foci.parquet ...
   +166877 rows (cum 9449179) elapsed 74s
[ 66/184] reading fov_070_foci.parquet ...
   +127668 rows (cum 9576847) elapsed 75s
[ 67/184] reading fov_071_foci.parquet ...
   +155537 rows (cum 9732384) elapsed 76s
[ 68/184] reading fov_072_foci.parquet ...
   +155059 rows (cum 9887443) elapsed 77s
[ 69/184] reading fov_073_foci.parquet ...
   +163387 rows (cum 10050830) elapsed 79s
[ 70/184] reading fov_074_foci.parquet ...
   +123136 rows (cum 10173966) elapsed 80s
[ 71/184] reading fov_075_foci.parquet ...
   +178924 rows (cum 10352890) elapsed 81s
[ 72/184] reading fov_076_foci.parquet ...
   +118969 rows (cum 10471859) elapsed 82s
[ 73/184] reading fov_077_foci.parquet ...
   +138172 rows (cum 10610031) elapsed 83s
[ 74/184] reading fov_078_foci.parquet ...
   +162905 rows (cum 10772936) elapsed 84s
[ 75/184] reading fov_079_foci.parquet ...
   +169873 rows (cum 10942809) elapsed 86s
[ 76/184] reading fov_080_foci.parquet ...
   +121319 rows (cum 11064128) elapsed 87s
[ 77/184] reading fov_081_foci.parquet ...
   +166620 rows (cum 11230748) elapsed 88s
[ 78/184] reading fov_082_foci.parquet ...
   +146448 rows (cum 11377196) elapsed 89s
[ 79/184] reading fov_083_foci.parquet ...
   +190207 rows (cum 11567403) elapsed 91s
[ 80/184] reading fov_084_foci.parquet ...
   +196802 rows (cum 11764205) elapsed 92s
[ 81/184] reading fov_085_foci.parquet ...
   +177259 rows (cum 11941464) elapsed 94s
[ 82/184] reading fov_088_foci.parquet ...
   empty after filter
[ 83/184] reading fov_089_foci.parquet ...
   +23236 rows (cum 11964700) elapsed 94s
[ 84/184] reading fov_090_foci.parquet ...
   +122088 rows (cum 12086788) elapsed 95s
[ 85/184] reading fov_091_foci.parquet ...
   +111590 rows (cum 12198378) elapsed 96s
[ 86/184] reading fov_092_foci.parquet ...
   +123049 rows (cum 12321427) elapsed 97s
[ 87/184] reading fov_093_foci.parquet ...
   +154338 rows (cum 12475765) elapsed 98s
[ 88/184] reading fov_094_foci.parquet ...
   +178104 rows (cum 12653869) elapsed 99s
[ 89/184] reading fov_095_foci.parquet ...
   +144348 rows (cum 12798217) elapsed 101s
[ 90/184] reading fov_096_foci.parquet ...
   +158914 rows (cum 12957131) elapsed 102s
[ 91/184] reading fov_097_foci.parquet ...
   +160744 rows (cum 13117875) elapsed 103s
[ 92/184] reading fov_098_foci.parquet ...
   +138290 rows (cum 13256165) elapsed 104s
[ 93/184] reading fov_099_foci.parquet ...
   +132439 rows (cum 13388604) elapsed 105s
[ 94/184] reading fov_100_foci.parquet ...
   +103031 rows (cum 13491635) elapsed 106s
[ 95/184] reading fov_101_foci.parquet ...
   +186325 rows (cum 13677960) elapsed 108s
[ 96/184] reading fov_102_foci.parquet ...
   +164581 rows (cum 13842541) elapsed 109s
[ 97/184] reading fov_103_foci.parquet ...
   +159030 rows (cum 14001571) elapsed 110s
[ 98/184] reading fov_104_foci.parquet ...
   +137473 rows (cum 14139044) elapsed 111s
[ 99/184] reading fov_105_foci.parquet ...
   +118785 rows (cum 14257829) elapsed 112s
[100/184] reading fov_106_foci.parquet ...
   +154890 rows (cum 14412719) elapsed 114s
[101/184] reading fov_107_foci.parquet ...
   +109748 rows (cum 14522467) elapsed 115s
[102/184] reading fov_110_foci.parquet ...
   +132383 rows (cum 14654850) elapsed 116s
[103/184] reading fov_111_foci.parquet ...
   +151219 rows (cum 14806069) elapsed 117s
[104/184] reading fov_112_foci.parquet ...
   +174313 rows (cum 14980382) elapsed 118s
[105/184] reading fov_113_foci.parquet ...
   +139974 rows (cum 15120356) elapsed 120s
[106/184] reading fov_114_foci.parquet ...
   +143418 rows (cum 15263774) elapsed 121s
[107/184] reading fov_115_foci.parquet ...
   +137409 rows (cum 15401183) elapsed 122s
[108/184] reading fov_116_foci.parquet ...
   +125037 rows (cum 15526220) elapsed 123s
[109/184] reading fov_117_foci.parquet ...
   +139140 rows (cum 15665360) elapsed 124s
[110/184] reading fov_118_foci.parquet ...
   +142636 rows (cum 15807996) elapsed 125s
[111/184] reading fov_119_foci.parquet ...
   +158148 rows (cum 15966144) elapsed 126s
[112/184] reading fov_120_foci.parquet ...
   +187393 rows (cum 16153537) elapsed 128s
[113/184] reading fov_121_foci.parquet ...
   +159685 rows (cum 16313222) elapsed 129s
[114/184] reading fov_122_foci.parquet ...
   +171761 rows (cum 16484983) elapsed 131s
[115/184] reading fov_123_foci.parquet ...
   +154905 rows (cum 16639888) elapsed 132s
[116/184] reading fov_124_foci.parquet ...
   +144015 rows (cum 16783903) elapsed 133s
[117/184] reading fov_125_foci.parquet ...
   +161768 rows (cum 16945671) elapsed 135s
[118/184] reading fov_126_foci.parquet ...
   +149422 rows (cum 17095093) elapsed 136s
[119/184] reading fov_127_foci.parquet ...
   +123341 rows (cum 17218434) elapsed 137s
[120/184] reading fov_128_foci.parquet ...
   +118299 rows (cum 17336733) elapsed 138s
[121/184] reading fov_129_foci.parquet ...
   +81589 rows (cum 17418322) elapsed 138s
[122/184] reading fov_132_foci.parquet ...
   +142764 rows (cum 17561086) elapsed 140s
[123/184] reading fov_133_foci.parquet ...
   +117455 rows (cum 17678541) elapsed 141s
[124/184] reading fov_134_foci.parquet ...
   +154781 rows (cum 17833322) elapsed 142s
[125/184] reading fov_135_foci.parquet ...
   +187525 rows (cum 18020847) elapsed 143s
[126/184] reading fov_136_foci.parquet ...
   +135217 rows (cum 18156064) elapsed 144s
[127/184] reading fov_137_foci.parquet ...
   +179288 rows (cum 18335352) elapsed 146s
[128/184] reading fov_138_foci.parquet ...
   +163599 rows (cum 18498951) elapsed 147s
[129/184] reading fov_139_foci.parquet ...
   +109525 rows (cum 18608476) elapsed 148s
[130/184] reading fov_140_foci.parquet ...
   +109992 rows (cum 18718468) elapsed 149s
[131/184] reading fov_141_foci.parquet ...
   +95673 rows (cum 18814141) elapsed 150s
[132/184] reading fov_142_foci.parquet ...
   +120485 rows (cum 18934626) elapsed 151s
[133/184] reading fov_143_foci.parquet ...
   +114161 rows (cum 19048787) elapsed 152s
[134/184] reading fov_144_foci.parquet ...
   +147185 rows (cum 19195972) elapsed 153s
[135/184] reading fov_145_foci.parquet ...
   +152702 rows (cum 19348674) elapsed 154s
[136/184] reading fov_146_foci.parquet ...
   +140475 rows (cum 19489149) elapsed 155s
[137/184] reading fov_147_foci.parquet ...
   +180624 rows (cum 19669773) elapsed 157s
[138/184] reading fov_148_foci.parquet ...
   +115388 rows (cum 19785161) elapsed 158s
[139/184] reading fov_149_foci.parquet ...
   +152524 rows (cum 19937685) elapsed 159s
[140/184] reading fov_150_foci.parquet ...
   +101964 rows (cum 20039649) elapsed 160s
[141/184] reading fov_151_foci.parquet ...
   +137870 rows (cum 20177519) elapsed 161s
[142/184] reading fov_154_foci.parquet ...
   +123853 rows (cum 20301372) elapsed 162s
[143/184] reading fov_155_foci.parquet ...
   +100143 rows (cum 20401515) elapsed 163s
[144/184] reading fov_156_foci.parquet ...
   +146839 rows (cum 20548354) elapsed 164s
[145/184] reading fov_157_foci.parquet ...
   +171637 rows (cum 20719991) elapsed 166s
[146/184] reading fov_158_foci.parquet ...
   +115652 rows (cum 20835643) elapsed 167s
[147/184] reading fov_159_foci.parquet ...
   +145108 rows (cum 20980751) elapsed 168s
[148/184] reading fov_160_foci.parquet ...
   +117834 rows (cum 21098585) elapsed 169s
[149/184] reading fov_161_foci.parquet ...
   +128034 rows (cum 21226619) elapsed 170s
[150/184] reading fov_162_foci.parquet ...
   +140391 rows (cum 21367010) elapsed 171s
[151/184] reading fov_163_foci.parquet ...
   +132731 rows (cum 21499741) elapsed 172s
[152/184] reading fov_164_foci.parquet ...
   +122096 rows (cum 21621837) elapsed 173s
[153/184] reading fov_165_foci.parquet ...
   +119277 rows (cum 21741114) elapsed 174s
[154/184] reading fov_166_foci.parquet ...
   +132884 rows (cum 21873998) elapsed 175s
[155/184] reading fov_167_foci.parquet ...
   +150655 rows (cum 22024653) elapsed 176s
[156/184] reading fov_168_foci.parquet ...
   +183887 rows (cum 22208540) elapsed 178s
[157/184] reading fov_169_foci.parquet ...
   +139649 rows (cum 22348189) elapsed 179s
[158/184] reading fov_170_foci.parquet ...
   +137054 rows (cum 22485243) elapsed 180s
[159/184] reading fov_171_foci.parquet ...
   +134108 rows (cum 22619351) elapsed 181s
[160/184] reading fov_172_foci.parquet ...
   +139684 rows (cum 22759035) elapsed 182s
[161/184] reading fov_173_foci.parquet ...
   +155334 rows (cum 22914369) elapsed 184s
[162/184] reading fov_176_foci.parquet ...
   +118543 rows (cum 23032912) elapsed 185s
[163/184] reading fov_177_foci.parquet ...
   +132066 rows (cum 23164978) elapsed 186s
[164/184] reading fov_178_foci.parquet ...
   +150965 rows (cum 23315943) elapsed 187s
[165/184] reading fov_179_foci.parquet ...
   +129891 rows (cum 23445834) elapsed 188s
[166/184] reading fov_180_foci.parquet ...
   +180319 rows (cum 23626153) elapsed 190s
[167/184] reading fov_181_foci.parquet ...
   +117178 rows (cum 23743331) elapsed 191s
[168/184] reading fov_182_foci.parquet ...
   +166722 rows (cum 23910053) elapsed 192s
[169/184] reading fov_183_foci.parquet ...
   +113821 rows (cum 24023874) elapsed 193s
[170/184] reading fov_184_foci.parquet ...
   +116957 rows (cum 24140831) elapsed 194s
[171/184] reading fov_185_foci.parquet ...
   +159248 rows (cum 24300079) elapsed 195s
[172/184] reading fov_186_foci.parquet ...
   +150469 rows (cum 24450548) elapsed 197s
[173/184] reading fov_187_foci.parquet ...
   +126278 rows (cum 24576826) elapsed 198s
[174/184] reading fov_188_foci.parquet ...
   +106987 rows (cum 24683813) elapsed 198s
[175/184] reading fov_189_foci.parquet ...
   +128830 rows (cum 24812643) elapsed 200s
[176/184] reading fov_190_foci.parquet ...
   +93268 rows (cum 24905911) elapsed 200s
[177/184] reading fov_191_foci.parquet ...
   +110353 rows (cum 25016264) elapsed 201s
[178/184] reading fov_192_foci.parquet ...
   +152023 rows (cum 25168287) elapsed 203s
[179/184] reading fov_193_foci.parquet ...
   +172375 rows (cum 25340662) elapsed 204s
[180/184] reading fov_194_foci.parquet ...
   +136215 rows (cum 25476877) elapsed 205s
[181/184] reading fov_195_foci.parquet ...
   +117219 rows (cum 25594096) elapsed 206s
[182/184] reading fov_196_foci.parquet ...
   +149582 rows (cum 25743678) elapsed 208s
[183/184] reading fov_197_foci.parquet ...
   +104573 rows (cum 25848251) elapsed 208s
DONE local n_foci=25848251 file=C:\Users\Jude\AppData\Local\Temp\13\foci_local.parquet size=1702.5MB
