{'fov': 117, 'n_nuclei': 177, 'n_foci': 139140}
{'fov': 34, 'n_nuclei': 173, 'n_foci': 133653}
{'fov': 134, 'n_nuclei': 203, 'n_foci': 154781}
{'fov': 182, 'n_nuclei': 232, 'n_foci': 166722}
{'fov': 50, 'n_nuclei': 259, 'n_foci': 204170}
{'fov': 68, 'n_nuclei': 255, 'n_foci': 198990}
{'fov': 116, 'n_nuclei': 161, 'n_foci': 125037}
{'fov': 149, 'n_nuclei': 203, 'n_foci': 152524}
{'fov': 18, 'n_nuclei': 175, 'n_foci': 139571}
{'fov': 35, 'n_nuclei': 178, 'n_foci': 142357}
{'fov': 20, 'n_nuclei': 236, 'n_foci': 188884}
{'fov': 135, 'n_nuclei': 252, 'n_foci': 187525}
{'fov': 183, 'n_nuclei': 166, 'n_foci': 113821}
{'fov': 51, 'n_nuclei': 158, 'n_foci': 115015}
{'fov': 148, 'n_nuclei': 152, 'n_foci': 115388}
{'fov': 70, 'n_nuclei': 176, 'n_foci': 127668}
{'fov': 150, 'n_nuclei': 133, 'n_foci': 101964}
{'fov': 82, 'n_nuclei': 182, 'n_foci': 146448}
{'fov': 99, 'n_nuclei': 172, 'n_foci': 132439}
{'fov': 71, 'n_nuclei': 203, 'n_foci': 155537}
{'fov': 119, 'n_nuclei': 197, 'n_foci': 158148}
{'fov': 19, 'n_nuclei': 237, 'n_foci': 193598}
{'fov': 137, 'n_nuclei': 234, 'n_foci': 179288}
{'fov': 83, 'n_nuclei': 241, 'n_foci': 190207}
{'fov': 52, 'n_nuclei': 152, 'n_foci': 113817}
{'fov': 138, 'n_nuclei': 213, 'n_foci': 163599}
{'fov': 165, 'n_nuclei': 157, 'n_foci': 119277}
{'fov': 184, 'n_nuclei': 162, 'n_foci': 116957}
{'fov': 38, 'n_nuclei': 200, 'n_foci': 152085}
{'fov': 186, 'n_nuclei': 203, 'n_foci': 150469}
{'fov': 88, 'n_nuclei': 0, 'n_foci': 0, 'status': 'no_nuclei'}
{'fov': 139, 'n_nuclei': 138, 'n_foci': 109525}
{'fov': 118, 'n_nuclei': 184, 'n_foci': 142636}
{'fov': 166, 'n_nuclei': 164, 'n_foci': 132884}
{'fov': 39, 'n_nuclei': 208, 'n_foci': 162811}
{'fov': 84, 'n_nuclei': 249, 'n_foci': 196802}
{'fov': 136, 'n_nuclei': 177, 'n_foci': 135217}
{'fov': 53, 'n_nuclei': 136, 'n_foci': 103438}
{'fov': 21, 'n_nuclei': 158, 'n_foci': 118065}
{'fov': 187, 'n_nuclei': 173, 'n_foci': 126278}
{'fov': 185, 'n_nuclei': 217, 'n_foci': 159248}
{'fov': 85, 'n_nuclei': 233, 'n_foci': 177259}
{'fov': 103, 'n_nuclei': 200, 'n_foci': 159030}
{'fov': 54, 'n_nuclei': 149, 'n_foci': 109226}
{'fov': 24, 'n_nuclei': 159, 'n_foci': 123521}
{'fov': 154, 'n_nuclei': 151, 'n_foci': 123853}
{'fov': 151, 'n_nuclei': 180, 'n_foci': 137870}
{'fov': 120, 'n_nuclei': 232, 'n_foci': 187393}
{'fov': 73, 'n_nuclei': 215, 'n_foci': 163387}
{'fov': 23, 'n_nuclei': 170, 'n_foci': 135987}
{'fov': 55, 'n_nuclei': 205, 'n_foci': 162566}
{'fov': 121, 'n_nuclei': 213, 'n_foci': 159685}
{'fov': 122, 'n_nuclei': 221, 'n_foci': 171761}
{'fov': 22, 'n_nuclei': 228, 'n_foci': 173278}
{'fov': 106, 'n_nuclei': 188, 'n_foci': 154890}
{'fov': 89, 'n_nuclei': 32, 'n_foci': 23236}
{'fov': 155, 'n_nuclei': 126, 'n_foci': 100143}
{'fov': 58, 'n_nuclei': 151, 'n_foci': 112933}
{'fov': 188, 'n_nuclei': 148, 'n_foci': 106987}
{'fov': 56, 'n_nuclei': 197, 'n_foci': 154858}
{'fov': 173, 'n_nuclei': 212, 'n_foci': 155334}
{'fov': 90, 'n_nuclei': 156, 'n_foci': 122088}
{'fov': 11, 'n_nuclei': 205, 'n_foci': 156217}
{'fov': 156, 'n_nuclei': 187, 'n_foci': 146839}
{'fov': 110, 'n_nuclei': 178, 'n_foci': 132383}
{'fov': 26, 'n_nuclei': 263, 'n_foci': 210465}
{'fov': 12, 'n_nuclei': 238, 'n_foci': 188221}
{'fov': 45, 'n_nuclei': 110, 'n_foci': 91698}
{'fov': 57, 'n_nuclei': 153, 'n_foci': 115544}
{'fov': 189, 'n_nuclei': 176, 'n_foci': 128830}
{'fov': 111, 'n_nuclei': 197, 'n_foci': 151219}
{'fov': 177, 'n_nuclei': 182, 'n_foci': 132066}
{'fov': 13, 'n_nuclei': 208, 'n_foci': 161887}
{'fov': 91, 'n_nuclei': 150, 'n_foci': 111590}
{'fov': 125, 'n_nuclei': 201, 'n_foci': 161768}
{'fov': 123, 'n_nuclei': 209, 'n_foci': 154905}
{'fov': 157, 'n_nuclei': 219, 'n_foci': 171637}
{'fov': 25, 'n_nuclei': 254, 'n_foci': 196771}
{'fov': 79, 'n_nuclei': 213, 'n_foci': 169873}
{'fov': 15, 'n_nuclei': 168, 'n_foci': 127505}
{'fov': 145, 'n_nuclei': 195, 'n_foci': 152702}
{'fov': 190, 'n_nuclei': 129, 'n_foci': 93268}
{'fov': 80, 'n_nuclei': 159, 'n_foci': 121319}
{'fov': 124, 'n_nuclei': 179, 'n_foci': 144015}
{'fov': 146, 'n_nuclei': 193, 'n_foci': 140475}
{'fov': 158, 'n_nuclei': 158, 'n_foci': 115652}
{'fov': 92, 'n_nuclei': 151, 'n_foci': 123049}
{'fov': 179, 'n_nuclei': 181, 'n_foci': 129891}
{'fov': 113, 'n_nuclei': 179, 'n_foci': 139974}
{'fov': 47, 'n_nuclei': 142, 'n_foci': 105335}
{'fov': 16, 'n_nuclei': 210, 'n_foci': 168824}
{'fov': 191, 'n_nuclei': 158, 'n_foci': 110353}
{'fov': 59, 'n_nuclei': 187, 'n_foci': 141292}
{'fov': 14, 'n_nuclei': 195, 'n_foci': 152633}
{'fov': 27, 'n_nuclei': 177, 'n_foci': 129156}
{'fov': 93, 'n_nuclei': 201, 'n_foci': 154338}
{'fov': 48, 'n_nuclei': 167, 'n_foci': 133548}
{'fov': 112, 'n_nuclei': 219, 'n_foci': 174313}
{'fov': 180, 'n_nuclei': 247, 'n_foci': 180319}
{'fov': 46, 'n_nuclei': 141, 'n_foci': 113114}
{'fov': 178, 'n_nuclei': 207, 'n_foci': 150965}
{'fov': 144, 'n_nuclei': 194, 'n_foci': 147185}
{'fov': 78, 'n_nuclei': 201, 'n_foci': 162905}
{'fov': 143, 'n_nuclei': 152, 'n_foci': 114161}
{'fov': 77, 'n_nuclei': 177, 'n_foci': 138172}
{'fov': 114, 'n_nuclei': 188, 'n_foci': 143418}
{'fov': 159, 'n_nuclei': 189, 'n_foci': 145108}
{'fov': 60, 'n_nuclei': 217, 'n_foci': 170658}
{'fov': 41, 'n_nuclei': 174, 'n_foci': 136350}
{'fov': 196, 'n_nuclei': 205, 'n_foci': 149582}
{'fov': 2, 'n_nuclei': 194, 'n_foci': 154338}
{'fov': 133, 'n_nuclei': 154, 'n_foci': 117455}
{'fov': 67, 'n_nuclei': 159, 'n_foci': 125750}
{'fov': 147, 'n_nuclei': 242, 'n_foci': 180624}
{'fov': 49, 'n_nuclei': 240, 'n_foci': 192532}
{'fov': 197, 'n_nuclei': 147, 'n_foci': 104573}
{'fov': 3, 'n_nuclei': 191, 'n_foci': 144923}
{'fov': 181, 'n_nuclei': 168, 'n_foci': 117178}
{'fov': 33, 'n_nuclei': 173, 'n_foci': 130908}
{'fov': 75, 'n_nuclei': 229, 'n_foci': 178924}
{'fov': 142, 'n_nuclei': 155, 'n_foci': 120485}
{'fov': 115, 'n_nuclei': 176, 'n_foci': 137409}
{'fov': 17, 'n_nuclei': 180, 'n_foci': 143461}
{'fov': 164, 'n_nuclei': 157, 'n_foci': 122096}
{'fov': 98, 'n_nuclei': 175, 'n_foci': 138290}
{'fov': 32, 'n_nuclei': 185, 'n_foci': 141027}
{'fov': 132, 'n_nuclei': 183, 'n_foci': 142764}
{'fov': 141, 'n_nuclei': 124, 'n_foci': 95673}
{'fov': 107, 'n_nuclei': 137, 'n_foci': 109748}
{'fov': 100, 'n_nuclei': 130, 'n_foci': 103031}
{'fov': 4, 'n_nuclei': 156, 'n_foci': 120768}
{'fov': 66, 'n_nuclei': 229, 'n_foci': 171490}
{'fov': 140, 'n_nuclei': 143, 'n_foci': 109992}
{'fov': 76, 'n_nuclei': 156, 'n_foci': 118969}
{'fov': 10, 'n_nuclei': 197, 'n_foci': 153147}
{'fov': 44, 'n_nuclei': 84, 'n_foci': 65238}
{'fov': 40, 'n_nuclei': 141, 'n_foci': 109080}
{'fov': 176, 'n_nuclei': 166, 'n_foci': 118543}
{'fov': 192, 'n_nuclei': 222, 'n_foci': 152023}
{'fov': 28, 'n_nuclei': 125, 'n_foci': 100048}
{'fov': 94, 'n_nuclei': 233, 'n_foci': 178104}
{'fov': 5, 'n_nuclei': 197, 'n_foci': 156104}
{'fov': 69, 'n_nuclei': 216, 'n_foci': 166877}
{'fov': 168, 'n_nuclei': 235, 'n_foci': 183887}
{'fov': 63, 'n_nuclei': 135, 'n_foci': 112593}
{'fov': 129, 'n_nuclei': 98, 'n_foci': 81589}
{'fov': 104, 'n_nuclei': 180, 'n_foci': 137473}
{'fov': 1, 'n_nuclei': 158, 'n_foci': 122527}
{'fov': 167, 'n_nuclei': 189, 'n_foci': 150655}
{'fov': 101, 'n_nuclei': 243, 'n_foci': 186325}
{'fov': 195, 'n_nuclei': 174, 'n_foci': 117219}
{'fov': 31, 'n_nuclei': 149, 'n_foci': 117605}
{'fov': 170, 'n_nuclei': 185, 'n_foci': 137054}
{'fov': 161, 'n_nuclei': 162, 'n_foci': 128034}
{'fov': 7, 'n_nuclei': 160, 'n_foci': 125506}
{'fov': 193, 'n_nuclei': 240, 'n_foci': 172375}
{'fov': 37, 'n_nuclei': 239, 'n_foci': 182773}
{'fov': 62, 'n_nuclei': 177, 'n_foci': 139101}
{'fov': 169, 'n_nuclei': 178, 'n_foci': 139649}
{'fov': 128, 'n_nuclei': 147, 'n_foci': 118299}
{'fov': 194, 'n_nuclei': 189, 'n_foci': 136215}
{'fov': 0, 'n_nuclei': 160, 'n_foci': 123536}
{'fov': 30, 'n_nuclei': 126, 'n_foci': 97911}
{'fov': 162, 'n_nuclei': 180, 'n_foci': 140391}
{'fov': 96, 'n_nuclei': 212, 'n_foci': 158914}
{'fov': 8, 'n_nuclei': 214, 'n_foci': 168507}
{'fov': 72, 'n_nuclei': 206, 'n_foci': 155059}
{'fov': 160, 'n_nuclei': 148, 'n_foci': 117834}
{'fov': 81, 'n_nuclei': 219, 'n_foci': 166620}
{'fov': 6, 'n_nuclei': 158, 'n_foci': 116627}
{'fov': 102, 'n_nuclei': 206, 'n_foci': 164581}
{'fov': 74, 'n_nuclei': 156, 'n_foci': 123136}
{'fov': 36, 'n_nuclei': 224, 'n_foci': 171948}
{'fov': 172, 'n_nuclei': 183, 'n_foci': 139684}
{'fov': 61, 'n_nuclei': 241, 'n_foci': 191271}
{'fov': 127, 'n_nuclei': 161, 'n_foci': 123341}
{'fov': 126, 'n_nuclei': 192, 'n_foci': 149422}
{'fov': 105, 'n_nuclei': 149, 'n_foci': 118785}
{'fov': 171, 'n_nuclei': 183, 'n_foci': 134108}
{'fov': 9, 'n_nuclei': 189, 'n_foci': 144612}
{'fov': 95, 'n_nuclei': 196, 'n_foci': 144348}
{'fov': 163, 'n_nuclei': 176, 'n_foci': 132731}
{'fov': 29, 'n_nuclei': 154, 'n_foci': 120930}
{'fov': 97, 'n_nuclei': 214, 'n_foci': 160744}
{'foci_table': '\\\\171.65.20.231\\JudeData01\\cluade code\\ep-orca-if\\IF\\data\\anndata\\foci.parquet', 'n_foci': 25848251}
{'nuclei': '\\\\171.65.20.231\\JudeData01\\cluade code\\ep-orca-if\\IF\\data\\anndata\\nuclei.h5ad', 'foci': '\\\\171.65.20.231\\JudeData01\\cluade code\\ep-orca-if\\IF\\data\\anndata\\foci.parquet'}
analysis figures written to \\171.65.20.231\JudeData01\cluade code\ep-orca-if\IF\data\figures
